{"ts": "2026-08-31T11:04:27.389567+00:00", "phone": "+97333000001", "stage": "identity.who_is", "duration_ms": 946.2, "detail": "live fetch"}
{"ts": "2026-08-31T11:04:29.305797+00:00", "phone": "+97333000002", "stage": "identity.who_is", "duration_ms": 854.2, "detail": "live fetch"}
{"ts": "2026-08-31T11:04:30.400365+00:00", "phone": "+97333000003", "stage": "identity.who_is", "duration_ms": 558.0, "detail": "live fetch"}
{"ts": "2026-08-31T11:04:31.594035+00:00", "phone": "+97333000004", "stage": "identity.who_is", "duration_ms": 520.6, "detail": "live fetch"}
{"ts": "2026-08-31T11:04:33.075995+00:00", "phone": "+97333000005", "stage": "identity.who_is", "duration_ms": 784.5, "detail": "live fetch"}
{"ts": "2026-08-31T11:04:34.628635+00:00", "phone": "+97333000006", "stage": "identity.who_is", "duration_ms": 732.7, "detail": "live fetch"}
{"ts": "2026-08-31T11:04:35.787961+00:00", "phone": "+97333000007", "stage": "identity.who_is", "duration_ms": 537.7, "detail": "live fetch"}
{"ts": "2026-08-31T11:04:36.987942+00:00", "phone": "+97333000010", "stage": "identity.who_is", "duration_ms": 666.8, "detail": "live fetch"}
{"ts": "2026-08-31T11:04:38.409544+00:00", "phone": "+97333000011", "stage": "identity.who_is", "duration_ms": 716.5, "detail": "live fetch"}
{"ts": "2026-08-31T11:04:39.831758+00:00", "phone": "+97333000020", "stage": "identity.who_is", "duration_ms": 745.3, "detail": "live fetch"}
{"ts": "2026-08-31T11:04:40.963750+00:00", "phone": "+97333000021", "stage": "identity.who_is", "duration_ms": 601.6, "detail": "live fetch"}
{"ts": "2026-08-31T11:04:42.223737+00:00", "phone": "+97333000022", "stage": "identity.who_is", "duration_ms": 690.4, "detail": "live fetch"}
{"ts": "2026-08-31T11:04:43.610692+00:00", "phone": "+97333000030", "stage": "identity.who_is", "duration_ms": 659.8, "detail": "live fetch"}
{"ts": "2026-08-31T11:09:00.889498+00:00", "phone": "+97333000003", "stage": "identity.who_is", "duration_ms": 822.3, "detail": "live fetch"}
{"ts": "2026-08-31T11:10:35.484865+00:00", "phone": "+97333000003", "stage": "model_round_1", "duration_ms": 73866.6, "detail": "ar"}
{"ts": "2026-08-31T11:10:35.485586+00:00", "phone": "+97333000003", "name": "Khalid Mansoor", "role": "editor", "tool": "who_am_i", "args": {}, "result_summary": "{'name': 'Khalid Mansoor', 'company': 'Hussain Media Production', 'role': 'editor', 'audience': 'internal', 'counts': {'open_tasks': 3, 'versions_awaiting_review': 2}}", "duration_ms": 0.0, "allowed": true}
{"ts": "2026-08-31T11:10:35.485753+00:00", "phone": "+97333000003", "stage": "tool:who_am_i", "duration_ms": 0.0, "detail": "ar"}
{"ts": "2026-08-31T11:10:36.390771+00:00", "phone": "+97333000003", "name": "Khalid Mansoor", "role": "editor", "tool": "list_tasks", "args": {"open_only": true}, "result_summary": "[{'id': 'tsk_0002', 'title': 'Cut Reels #1 for the Ramadan campaign', 'status': 'client_review', 'priority': 'high', 'due': '2026-08-18', 'project': 'Bank of Salam — Ramadan 2026'}, {'id': 'tsk_0005', 'title': 'Export the 5G launch teaser', 'status': 'in_review', 'priority': 'high', 'due': '2026-08-", "duration_ms": 904.8, "allowed": true}
{"ts": "2026-08-31T11:10:36.391602+00:00", "phone": "+97333000003", "stage": "tool:list_tasks", "duration_ms": 904.8, "detail": "ar"}
{"ts": "2026-08-31T11:11:18.246837+00:00", "phone": "+97333000003", "stage": "model_round_2", "duration_ms": 41855.4, "detail": "ar"}
{"ts": "2026-08-31T11:11:18.247623+00:00", "phone": "+97333000003", "stage": "rounds_used", "duration_ms": 0.0, "detail": "2 of 6 (ar)"}
{"ts": "2026-08-31T11:11:18.247719+00:00", "phone": "+97333000003", "stage": "total", "duration_ms": 116630.3, "detail": "ar"}
{"ts": "2026-08-31T11:24:03.735669+00:00", "phone": "+97333000003", "stage": "identity.who_is", "duration_ms": 540.8, "detail": "live fetch"}
{"ts": "2026-08-31T11:24:04.942164+00:00", "phone": "+97333000003", "stage": "identity.who_is", "duration_ms": 641.2, "detail": "live fetch"}
{"ts": "2026-08-31T11:24:09.299837+00:00", "phone": "+97333000003", "stage": "identity.who_is", "duration_ms": 692.1, "detail": "live fetch"}
{"ts": "2026-08-31T11:24:09.303498+00:00", "phone": "+97333000003", "stage": "identity.who_is", "duration_ms": 594.7, "detail": "live fetch"}
{"ts": "2026-08-31T11:25:31.795574+00:00", "phone": "+97333000004", "stage": "identity.who_is", "duration_ms": 694.4, "detail": "live fetch"}
{"ts": "2026-08-31T11:25:33.367847+00:00", "phone": "+97333000005", "stage": "identity.who_is", "duration_ms": 632.1, "detail": "live fetch"}
{"ts": "2026-08-31T11:25:35.460996+00:00", "phone": "+97333000010", "stage": "identity.who_is", "duration_ms": 717.3, "detail": "live fetch"}
{"ts": "2026-08-31T11:25:37.561309+00:00", "phone": "+97333000020", "stage": "identity.who_is", "duration_ms": 714.3, "detail": "live fetch"}
{"ts": "2026-08-31T11:25:38.978193+00:00", "phone": "+97333000022", "stage": "identity.who_is", "duration_ms": 698.4, "detail": "live fetch"}
